=== reward closure ===
Already up to date
Done in 554ms using pnpm v11.21.0
$ node scripts/reward-closure-test.js
PASS 首次播放路径主动调用广告 load
PASS 订单广告实例在创建参数中透传 userId/urlCallback
PASS 不通过创建后动态赋值 urlCallback，避免原生 SDK 丢失透传参数
PASS extra 透传订单号和场景，服务端可匹配订单
PASS 完整观看后先上报完成再轮询订单
PASS 中途退出存在取消订单失败兜底
PASS 客户端只在服务端 rewarded 时确认到账，超时标记 pending
PASS 奖励组件不把延迟核验误报为已到账
PASS 金币页不把延迟核验误报为已到账
PASS 放松页不把延迟核验误报为已到账
PASS 创建订单使用 Asia/Shanghai 权威每日统计
PASS 客户端完成只推进到 client_completed，不绕过服务端验证发奖
PASS 奖励状态机包含客户端完成、核验、待复核和终态链路
PASS 恢复查询覆盖全部未终结订单状态
PASS 回调核心兼容广告平台交易号字段别名
PASS 回调核心兼容签名字段别名
PASS 回调严格返回 uni-ad 要求的 isValid 结果
PASS 存在官方 userAdCallback 业务入口
PASS 回调核心兼容用户标识字段别名
PASS 安全审计写入包含非空 event_id 和 schema 必需字段
PASS 回调被拒时审计写入失败不会阻断 isValid=false 返回
PASS extra 兼容纯订单号回调格式
PASS 奖励核心服务统一归一化交易号字段
PASS userAdCallback 声明共享模块依赖
PASS 奖励记录存在 trans_id 数据库唯一索引
PASS 奖励记录存在 order_id 数据库唯一索引
PASS 订单存在用户级幂等唯一索引
PASS 金币奖励在同一事务写入钱包账本
PASS 奖励发放记录在同一事务写入
PASS 服务端回调成功后才将订单置为 rewarded
REWARD_CLOSURE_PASS
=== syntax ===
=== diff check ===
=== tracked status ===
 [31mM[m scripts/reward-closure-test.js
 [31mM[m uniCloud-alipay/cloudfunctions/common/pianke-common/index.js
 [31mM[m uniCloud-alipay/cloudfunctions/common/pianke-common/rewardCallback.js
 [31mM[m uniCloud-alipay/cloudfunctions/common/pianke-common/rewardedVideoService.js
 [31mM[m utils/ad.js
[31m??[m REWARD_REAL_LOG_EVIDENCE.md
[31m??[m reward-round2-gates.log
